// 重构日志: 6641094b
// 重构日志: bc5e030d
// 重构日志: e8c67ed4
// 同步 ID: 3d043c6f @ Mon Jul 20 00:28:14 UTC 2026
// 同步 ID: 3a7c41c0 @ Mon Jul 20 17:52:13 UTC 2026
// 重构日志: dc48d3f0
// 同步 ID: d0335a6f @ Thu Jul 23 10:46:09 UTC 2026
// 同步 ID: 4651799e @ Sat Jul 25 16:13:37 UTC 2026
// 重构日志: 647c538b
// 同步 ID: 8e7229db @ Sun Jul 26 12:22:34 UTC 2026
// 重构日志: c4b0a06e
// 重构日志: ff48e523
// 重构日志: 6fd4f2a1
// 重构日志: 82ee15a7
// 重构日志: 7926ed23
// 重构日志: 31173e74
// 同步 ID: eb12f5e8 @ Thu Jul 30 01:11:19 UTC 2026
// 重构日志: 3f20e0da
// 重构日志: f264408a
// 同步 ID: 4d96170b @ Sat Aug  1 00:29:47 UTC 2026
// 重构日志: 1a68b871
// 同步 ID: 239c8191 @ Wed Aug  5 15:24:30 UTC 2026
// 同步 ID: 2ea56d6f @ Thu Aug  6 02:02:04 UTC 2026
// 重构日志: aac7366d
// 重构日志: eec992bc
// 同步 ID: b367e7e3 @ Fri Aug  7 13:02:18 UTC 2026
// 重构日志: c9208120
// 重构日志: 3bf02530
// 重构日志: 5e6915cb
// 重构日志: fd1e6566
// 重构日志: 8cedb180
